Лабораторная работа №2 
Настройка вирутальных локальных сетей (VLAN) 

Комутатор Switch0:
Switch>en
Switch#conf y
            ^
% Invalid input detected at '^' marker.
	
Switch#conf t
Enter configuration commands, one per line.  End with CNTL/Z.
Switch(config)#vlan 2
Switch(config-vlan)#name vlan2svo
Switch(config-vlan)#vlan 3
Switch(config-vlan)#name vlan3goyda
Switch(config-vlan)#interface vlan
                    ^
% Invalid input detected at '^' marker.
	
Switch(config-vlan)#int vlan
                    ^
% Invalid input detected at '^' marker.
	
Switch(config-vlan)#int vlan 2
Switch(config-if)#
%LINK-5-CHANGED: Interface Vlan2, changed state to up
int vlan 3
Switch(config-if)#
%LINK-5-CHANGED: Interface Vlan3, changed state to up

Switch(config-if)#int fa0/1
Switch(config-if)#sw mod a
Switch(config-if)#sw mod access 
Switch(config-if)#sw access vlan 2 
Switch(config-if)#
%LINEPROTO-5-UPDOWN: Line protocol on Interface Vlan2, changed state to up
int fa0/2
Switch(config-if)#sw mod access 
Switch(config-if)#sw access vlan 2 
Switch(config-if)#int fa0/3
Switch(config-if)#sw access vlan 3
Switch(config-if)#
%LINEPROTO-5-UPDOWN: Line protocol on Interface Vlan3, changed state to up
sw mod access 
Switch(config-if)#sw access vlan 3
Switch(config-if)#int gi0/1
Switch(config-if)#sw mod 
Switch(config-if)#sw mod 
Switch(config-if)#sw mod t
Switch(config-if)#sw mod trunk 

Switch(config-if)#
%LINEPROTO-5-UPDOWN: Line protocol on Interface GigabitEthernet0/1, changed state to down

%LINEPROTO-5-UPDOWN: Line protocol on Interface GigabitEthernet0/1, changed state to up
sw trunk al

Комутатор Switch1:
Switch>en
Switch#conf y
            ^
% Invalid input detected at '^' marker.
	
Switch#conf t
Enter configuration commands, one per line.  End with CNTL/Z.
Switch(config)#vlan 2
Switch(config-vlan)#name vlan2svo
Switch(config-vlan)#vlan 3
Switch(config-vlan)#name vlan3goyda
Switch(config-vlan)#int
Switch(config-vlan)#int vlan
                    ^
% Invalid input detected at '^' marker.
	
Switch(config-vlan)#int vlan 2
Switch(config-if)#
%LINK-5-CHANGED: Interface Vlan2, changed state to up

%LINEPROTO-5-UPDOWN: Line protocol on Interface Vlan2, changed state to up

Switch(config-if)#int vlan 3
Switch(config-if)#
%LINK-5-CHANGED: Interface Vlan3, changed state to up

%LINEPROTO-5-UPDOWN: Line protocol on Interface Vlan3, changed state to up

Switch(config-if)#int fa0/1
Switch(config-if)#
Switch(config-if)#sw mod a
Switch(config-if)#sw mod access 
Switch(config-if)#sw ac
Switch(config-if)#sw access vlan 3
Switch(config-if)#int fa0/2
Switch(config-if)#sw mod access 
Switch(config-if)#sw access vlan 3
Switch(config-if)#int fa0/3
Switch(config-if)#sw mod access 
Switch(config-if)#sw access vlan 2
Switch(config-if)#sw mod t
Switch(config-if)#sw mod trunk 

Switch(config-if)#
%LINEPROTO-5-UPDOWN: Line protocol on Interface FastEthernet0/3, changed state to down

%LINEPROTO-5-UPDOWN: Line protocol on Interface FastEthernet0/3, changed state to up

Switch(config-if)#sw trunk al
Switch(config-if)#sw trunk allowed vl
Switch(config-if)#sw trunk allowed vlan 2-3
Switch(config-if)#sw mod access 
Switch(config-if)#sw access vlan 2
Switch(config-if)#sw access vlan 2

Настройка связи между vlan с помощью маршрутизатора

1. подключаем маршрутизатор (2911, порт Gig0/2) к одному из коммутаторов (Switch1, подключение по порту Gig0/2)
2. Настраиваем на маршрутизаторе подинтерфейсы для шлюза каждого из готовых
 vlaninterface GigabitEthernet0/2.2
 encapsulation dot1Q 2
 ip address 192.168.2.254 255.255.255.0
!
interface GigabitEthernet0/2.3
 encapsulation dot1Q 3
 ip address 192.168.3.254 255.255.255.0
3. Включаем физический интерфейс маршрутизатора
int gi0/2
  no shutdown
4.Настраиваем порт коммутатора (Switch1, Gig0/2) в транковый режим
 Выбираем интерфейс: int gi0/2
 Переключаем режим: sw mode trunk
 НАстраиваем только нужные vlan: ws trunk al vlan 2-3
5. Добавляем адреса шлюзов к насторйкам ip в компьютерах (для vlan 2 шлюз 192.168.2.254, лля vlan 3 шлюз 192.168.3.254)
6. Проверяем связь со сволим шлюзом (ping 192.168.2.254)
7. проверяем связь с соседним vlan (ping 192.168.3.254)

interface GigabitEthernet0/2.4
 encapsulation dot1Q 4
 ip address 192.168.4.254 255.255.255.0
